// Jest Snapshot v1, https://goo.gl/fbAQLP

exports[`Content Item Selection Form matches the snapshot 1`] = `
initialize {
  "0": Object {
    "attribs": Object {
      "action": "http://www.example.com",
      "enctype": "application/x-www-form-urlencoded",
      "method": "post",
      "style": "display:none",
    },
    "children": Array [
      Object {
        "attribs": Object {
          "type": "submit",
        },
        "children": Array [
          Object {
            "data": "Finish",
            "next": null,
            "parent": [Circular],
            "prev": null,
            "type": "text",
          },
        ],
        "name": "button",
        "namespace": "http://www.w3.org/1999/xhtml",
        "next": null,
        "parent": [Circular],
        "prev": null,
        "type": "tag",
        "x-attribsNamespace": Object {
          "type": undefined,
        },
        "x-attribsPrefix": Object {
          "type": undefined,
        },
      },
    ],
    "name": "form",
    "namespace": "http://www.w3.org/1999/xhtml",
    "next": null,
    "parent": null,
    "prev": null,
    "root": Object {
      "attribs": Object {},
      "children": Array [
        [Circular],
      ],
      "name": "root",
      "namespace": "http://www.w3.org/1999/xhtml",
      "next": null,
      "parent": null,
      "prev": null,
      "type": "root",
      "x-attribsNamespace": Object {},
      "x-attribsPrefix": Object {},
    },
    "type": "tag",
    "x-attribsNamespace": Object {
      "action": undefined,
      "enctype": undefined,
      "method": undefined,
      "style": undefined,
    },
    "x-attribsPrefix": Object {
      "action": undefined,
      "enctype": undefined,
      "method": undefined,
      "style": undefined,
    },
  },
  "_root": [Circular],
  "length": 1,
  "options": Object {
    "decodeEntities": true,
    "normalizeWhitespace": false,
    "withDomLvl1": true,
    "xml": false,
  },
}
`;
